System.InvalidOperationException: No se pueden resolver todas las referencias de propiedad en la ruta a la propiedad 'BorderBrush.Thickness'. Compruebe que los objetos aplicables admitan las propiedades.
   at System.Windows.Media.Animation.Storyboard.VerifyPathIsAnimatable(PropertyPath path)
   at System.Windows.Media.Animation.Storyboard.ClockTreeWalkRecursive(Clock currentClock, DependencyObject containingObject, INameScope nameScope, DependencyObject parentObject, String parentObjectName, PropertyPath parentPropertyPath, HandoffBehavior handoffBehavior, HybridDictionary clockMappings, Int64 layer)
   at System.Windows.Media.Animation.Storyboard.ClockTreeWalkRecursive(Clock currentClock, DependencyObject containingObject, INameScope nameScope, DependencyObject parentObject, String parentObjectName, PropertyPath parentPropertyPath, HandoffBehavior handoffBehavior, HybridDictionary clockMappings, Int64 layer)
   at System.Windows.Media.Animation.Storyboard.BeginCommon(DependencyObject containingObject, INameScope nameScope, HandoffBehavior handoffBehavior, Boolean isControllable, Int64 layer)
   at System.Windows.Media.Animation.BeginStoryboard.Begin(DependencyObject targetObject, INameScope nameScope, Int64 layer)
   at System.Windows.Media.Animation.BeginStoryboard.Invoke(FrameworkElement fe, FrameworkContentElement fce, Style targetStyle, FrameworkTemplate frameworkTemplate, Int64 layer)
   at System.Windows.StyleHelper.InvokeActions(TriggerBase triggerBase, DependencyObject triggerContainer, TriggerActionCollection actions, Style style, FrameworkTemplate frameworkTemplate)
   at System.Windows.StyleHelper.InvokeActions(TriggerActionCollection actions, TriggerBase triggerBase, DependencyObject triggerContainer, Style style, FrameworkTemplate frameworkTemplate)
   at System.Windows.StyleHelper.OnTriggerSourcePropertyInvalidated(Style ownerStyle, FrameworkTemplate frameworkTemplate, DependencyObject container, DependencyProperty dp, DependencyPropertyChangedEventArgs changedArgs, Boolean invalidateOnlyContainer, FrugalStructList`1& triggerSourceRecordFromChildIndex, FrugalMap& propertyTriggersWithActions, Int32 sourceChildIndex)
   at System.Windows.FrameworkElement.OnPropertyChanged(DependencyPropertyChangedEventArgs e)
   at System.Windows.DependencyObject.NotifyPropertyChange(DependencyPropertyChangedEventArgs args)
   at System.Windows.DependencyObject.UpdateEffectiveValue(EntryIndex entryIndex, DependencyProperty dp, PropertyMetadata metadata, EffectiveValueEntry oldEntry, EffectiveValueEntry& newEntry, Boolean coerceWithDeferredReference, Boolean coerceWithCurrentValue, OperationType operationType)
   at System.Windows.DependencyObject.ClearValueCommon(EntryIndex entryIndex, DependencyProperty dp, PropertyMetadata metadata)
   at System.Windows.DependencyObject.ClearValue(DependencyPropertyKey key)
   at System.Windows.ReverseInheritProperty.FirePropertyChangeInAncestry(DependencyObject element, Boolean oldValue, DeferredElementTreeState treeState, Action`2 originChangedAction)
   at System.Windows.ReverseInheritProperty.OnOriginValueChanged(DependencyObject oldOrigin, DependencyObject newOrigin, IList`1 otherOrigins, DeferredElementTreeState& oldTreeState, Action`2 originChangedAction)
   at System.Windows.Input.MouseDevice.ChangeMouseOver(IInputElement mouseOver, Int32 timestamp)
   at System.Windows.Input.MouseDevice.PreNotifyInput(Object sender, NotifyInputEventArgs e)
   at System.Windows.Input.InputManager.ProcessStagingArea()
   at System.Windows.Input.InputProviderSite.ReportInput(InputReport inputReport)
   at System.Windows.Interop.HwndMouseInputProvider.ReportInput(IntPtr hwnd, InputMode mode, Int32 timestamp, RawMouseActions actions, Int32 x, Int32 y, Int32 wheel)
   at System.Windows.Interop.HwndMouseInputProvider.FilterMessage(IntPtr hwnd, WindowMessage msg, IntPtr wParam, IntPtr lParam, Boolean& handled)
   at System.Windows.Interop.HwndSource.InputFilterMessage(IntPtr hwnd, Int32 msg, IntPtr wParam, IntPtr lParam, Boolean& handled)
   at MS.Win32.HwndWrapper.WndProc(IntPtr hwnd, Int32 msg, IntPtr wParam, IntPtr lParam, Boolean& handled)
   at MS.Win32.HwndSubclass.DispatcherCallbackOperation(Object o)
   at System.Windows.Threading.ExceptionWrapper.InternalRealCall(Delegate callback, Object args, Int32 numArgs)
   at System.Windows.Threading.ExceptionWrapper.TryCatchWhen(Object source, Delegate callback, Object args, Int32 numArgs, Delegate catchHandler)